test	3714041376220621505:800 8162189927378643732:1575 10820188111283998344:1630 1177713728801312737:1994 17184023496183651984:2656 4671501941577321508:3156 16743415676028282381:3439
