1_f	3714041376220621505:800 8162189927378643732:1575 10820188111283998344:1630
2_f	17184023496183651984:655 4671501941577321508:1155 16743415676028282381:1438
